# init-step-minus1  @ 2026-08-09T13:47:04Z
# cwd: /Users/siyua/dev/opensource-validation-runs/Prob27b-refactors
# output_format: text

Setup complete.

## Project

**`Prob27b`** — Lean 4 `leanprover/lean4:v4.31.0`, Mathlib pinned to `inputRev = v4.31.0` (rev `fabf563a7c95a166b8d7b6efca11c8b4dc9d911f`, whose own toolchain matches, so `lake exe cache get` hit the cache).

Layout exactly as BLUEPRINT Part −1 prescribes: `Prob27b/Defs.lean` (D1–D18, proof-complete, **zero** `sorry` — the `Ring`, `Algebra`, computable `DecidableEq`/`Fintype` instances are all discharged), `Prob27b/Theorems.lean` (17 frozen statements, each `:= sorry`), `Prob27b/Proofs/Stage{A..F}/Basic.lean`, `Prob27b/Discharge.lean`, `Prob27b/Solution.lean`, root `Prob27b.lean`.

## Frozen theorem names (in stage order)

`R_card_eq`, `R_not_commutative`, `F_isNullPoly`, `Fe_eval_ne_zero`, `nullPoly_not_rightIdeal`, `D_hasFiniteResidueRings`, `A_isFreeOfRankEight`, `A_torsionFree`, `iota_injective`, `B_fraction_algebra`, `redPi_surjective`, `redPi_eq_zero_iff`, `Ftilde_eval_mem_pi`, `P_integerValued`, `constE_integerValued`, `Pe_not_integerValued`, `prob27b_counterexample`.

## Build

`lake build` → **Build completed successfully (8569 jobs)**, with exactly 17 `declaration uses 'sorry'` warnings, all from `Prob27b/Theorems.lean` — no errors, no other warnings.

## Axioms

`USER_NOTES.md` says "None — no assumed axioms", so `Defs.lean` declares **no** `axiom` and `scripts/ALLOWED_AXIOMS.txt` is a comment-only (empty) allowlist — strict `{propext, Classical.choice, Quot.sound}` policy.

## verify.py

- Check 1 (SHA pins) — **PASS** (both frozen files pinned and matching)
- Check 2 (banned keywords) — **PASS** (`sorry` only in `Theorems.lean`; no axioms)
- Check 3 (clean build) — **PASS**
- Checks 4 / 5b — FAIL, expected at this stage: `Prob27b.Solution.*` doesn't exist yet.

## Notes worth carrying forward (logged in PROGRESS.md)

- Mathlib at this rev names the basis type `Module.Basis`, not `Basis`; frozen #7 and the headline use it.
- Pre-freeze kernel `decide` guardrails confirmed the multiplication table's orientation (`u*v = p`, `u*e = 0`, `e*u = u`, `u*q = s`, `(u+v)^3 = s+w`, `(u+v)^4 = 0`, `1 = e+f ≠ e`, `e*(s+w) = s`).
- Stage B intel: the full `∀ r : R` null-polynomial identity **does** close by kernel `decide` in ≈20 s, but only under `set_option maxRecDepth 10000`; at the default depth it hits the recursion limit. `native_decide` stays banned.
- The coordinate helper lemmas in `Defs.lean` are `private`/file-local on purpose, so Stage A can claim the public `RAlg.coeff_mul_*` names without clashing.

# exit=0 timed_out=False @ 2026-08-09T14:10:19Z
